******************************************************************************
                  TI ARM Linker PC v18.1.3                     
******************************************************************************
>> Linked Fri Oct  5 13:13:29 2018

OUTPUT FILE NAME:   <lab4.out>
ENTRY POINT SYMBOL: "_c_int00_noinit_noargs"  address: 000008b1


MEMORY CONFIGURATION

         name            origin    length      used     unused   attr    fill
----------------------  --------  ---------  --------  --------  ----  --------
  FLASH                 00000000   00040000  00000b52  0003f4ae  R  X
  SRAM                  20000000   00008000  00000068  00007f98  RW X


SEGMENT ALLOCATION MAP

run origin  load origin   length   init length attrs members
----------  ----------- ---------- ----------- ----- -------
00000000    00000000    00000b54   00000b54    r-x
  00000000    00000000    0000026c   0000026c    r-- .intvecs
  0000026c    0000026c    0000076e   0000076e    r-x .text
  000009dc    000009dc    00000178   00000178    r-- .const
20000000    20000000    00000068   00000000    rw-
  20000000    20000000    00000068   00000000    rw- .stack


SECTION ALLOCATION MAP

 output                                  attributes/
section   page    origin      length       input sections
--------  ----  ----------  ----------   ----------------
.intvecs   0    00000000    0000026c     
                  00000000    0000026c     tm4c123gh6pm_startup_ccs.obj (.intvecs)

.text      0    0000026c    0000076e     
                  0000026c    000001b8     main.obj (.text)
                  00000424    00000132     driverlib.lib : gpio.obj (.text:GPIOPadConfigSet)
                  00000556    00000002     --HOLE-- [fill = 0]
                  00000558    00000110                   : sysctl.obj (.text:SysCtlClockGet)
                  00000668    000000f4                   : sysctl.obj (.text:SysCtlClockSet)
                  0000075c    00000068                   : interrupt.obj (.text:IntEnable)
                  000007c4    00000060                   : timer.obj (.text:TimerConfigure)
                  00000824    00000056                   : gpio.obj (.text:GPIOIntTypeSet)
                  0000087a    00000002     --HOLE-- [fill = 0]
                  0000087c    00000034                   : sysctl.obj (.text:SysCtlPeripheralEnable)
                  000008b0    00000030     rtsv7M4_T_le_v4SPD16_eabi.lib : boot_cortex_m.c.obj (.text:_c_int00_noinit_noargs:_c_int00_noinit_noargs)
                  000008e0    0000002a     driverlib.lib : gpio.obj (.text:GPIODirModeSet)
                  0000090a    00000002     --HOLE-- [fill = 0]
                  0000090c    00000024                   : interrupt.obj (.text:IntPrioritySet)
                  00000930    00000018                   : gpio.obj (.text:GPIOPinTypeGPIOOutput)
                  00000948    00000012                   : gpio.obj (.text:GPIOPinTypeGPIOInput)
                  0000095a    00000012                   : timer.obj (.text:TimerLoadSet)
                  0000096c    00000010                   : interrupt.obj (.text:IntMasterEnable)
                  0000097c    0000000e                   : timer.obj (.text:TimerEnable)
                  0000098a    0000000c                   : cpu.obj (.text:CPUcpsie)
                  00000996    0000000c                   : gpio.obj (.text:GPIOIntEnable)
                  000009a2    0000000c     tm4c123gh6pm_startup_ccs.obj (.text)
                  000009ae    00000008     driverlib.lib : timer.obj (.text:TimerIntEnable)
                  000009b6    00000006                   : gpio.obj (.text:GPIOIntClear)
                  000009bc    00000006                   : gpio.obj (.text:GPIOPinRead)
                  000009c2    00000006                   : gpio.obj (.text:GPIOPinWrite)
                  000009c8    00000006                   : sysctl.obj (.text:SysCtlDelay)
                  000009ce    00000004                   : timer.obj (.text:TimerIntClear)
                  000009d2    00000004     rtsv7M4_T_le_v4SPD16_eabi.lib : pre_init.c.obj (.text:_system_pre_init)
                  000009d6    00000004                                   : exit.c.obj (.text:abort:abort)

.const     0    000009dc    00000178     
                  000009dc    0000009c     driverlib.lib : interrupt.obj (.const:g_pui32Regs)
                  00000a78    00000070                   : interrupt.obj (.const)
                  00000ae8    0000006c                   : sysctl.obj (.const:g_pui32Xtals)

.cinit     0    00000000    00000000     UNINITIALIZED

.init_array 
*          0    00000000    00000000     UNINITIALIZED

.stack     0    20000000    00000068     UNINITIALIZED
                  20000000    00000004     rtsv7M4_T_le_v4SPD16_eabi.lib : boot_cortex_m.c.obj (.stack)
                  20000004    00000064     --HOLE--

MODULE SUMMARY

       Module                         code   ro data   rw data
       ------                         ----   -------   -------
    .\
       tm4c123gh6pm_startup_ccs.obj   12     620       0      
       main.obj                       440    0         0      
    +--+------------------------------+------+---------+---------+
       Total:                         452    620       0      
                                                              
    C:/ti/TivaWare_C_Series-2.1.4.178/driverlib/ccs/Debug/driverlib.lib
       sysctl.obj                     574    108       0      
       gpio.obj                       506    0         0      
       interrupt.obj                  156    268       0      
       timer.obj                      140    0         0      
       cpu.obj                        12     0         0      
    +--+------------------------------+------+---------+---------+
       Total:                         1388   376       0      
                                                              
    C:\ti\ccsv8\tools\compiler\ti-cgt-arm_18.1.3.LTS\lib\rtsv7M4_T_le_v4SPD16_eabi.lib
       boot_cortex_m.c.obj            48     0         0      
       exit.c.obj                     4      0         0      
       pre_init.c.obj                 4      0         0      
    +--+------------------------------+------+---------+---------+
       Total:                         56     0         0      
                                                              
       Stack:                         0      0         104    
    +--+------------------------------+------+---------+---------+
       Grand Total:                   1896   996       104    


GLOBAL SYMBOLS: SORTED ALPHABETICALLY BY Name 

address   name                  
-------   ----                  
000009d7  C$$EXIT               
0000098b  CPUcpsie              
000008e1  GPIODirModeSet        
000009b7  GPIOIntClear          
00000997  GPIOIntEnable         
00000825  GPIOIntTypeSet        
00000425  GPIOPadConfigSet      
000009bd  GPIOPinRead           
00000949  GPIOPinTypeGPIOInput  
00000931  GPIOPinTypeGPIOOutput 
000009c3  GPIOPinWrite          
0000075d  IntEnable             
0000096d  IntMasterEnable       
0000090d  IntPrioritySet        
00000309  PortEPin0IntHandler   
000009a3  ResetISR              
00000559  SysCtlClockGet        
00000669  SysCtlClockSet        
000009c9  SysCtlDelay           
0000087d  SysCtlPeripheralEnable
000003af  Timer0IntHandler      
000007c5  TimerConfigure        
0000097d  TimerEnable           
000009cf  TimerIntClear         
000009af  TimerIntEnable        
0000095b  TimerLoadSet          
20000068  __STACK_END           
00000068  __STACK_SIZE          
20000200  __STACK_TOP           
ffffffff  __TI_pprof_out_hndl   
ffffffff  __TI_prof_data_size   
ffffffff  __TI_prof_data_start  
00000000  __TI_static_base__    
ffffffff  __binit__             
ffffffff  __c_args__            
UNDEFED   __mpu_init            
20000000  __stack               
000008b1  _c_int00_noinit_noargs
000009d3  _system_pre_init      
000009d7  abort                 
ffffffff  binit                 
00000000  g_pfnVectors          
0000026d  main                  
00000343  timer1A_delaySec      


GLOBAL SYMBOLS: SORTED BY Symbol Address 

address   name                  
-------   ----                  
00000000  __TI_static_base__    
00000000  g_pfnVectors          
00000068  __STACK_SIZE          
0000026d  main                  
00000309  PortEPin0IntHandler   
00000343  timer1A_delaySec      
000003af  Timer0IntHandler      
00000425  GPIOPadConfigSet      
00000559  SysCtlClockGet        
00000669  SysCtlClockSet        
0000075d  IntEnable             
000007c5  TimerConfigure        
00000825  GPIOIntTypeSet        
0000087d  SysCtlPeripheralEnable
000008b1  _c_int00_noinit_noargs
000008e1  GPIODirModeSet        
0000090d  IntPrioritySet        
00000931  GPIOPinTypeGPIOOutput 
00000949  GPIOPinTypeGPIOInput  
0000095b  TimerLoadSet          
0000096d  IntMasterEnable       
0000097d  TimerEnable           
0000098b  CPUcpsie              
00000997  GPIOIntEnable         
000009a3  ResetISR              
000009af  TimerIntEnable        
000009b7  GPIOIntClear          
000009bd  GPIOPinRead           
000009c3  GPIOPinWrite          
000009c9  SysCtlDelay           
000009cf  TimerIntClear         
000009d3  _system_pre_init      
000009d7  C$$EXIT               
000009d7  abort                 
20000000  __stack               
20000068  __STACK_END           
20000200  __STACK_TOP           
ffffffff  __TI_pprof_out_hndl   
ffffffff  __TI_prof_data_size   
ffffffff  __TI_prof_data_start  
ffffffff  __binit__             
ffffffff  __c_args__            
ffffffff  binit                 
UNDEFED   __mpu_init            

[44 symbols]
